Archive member included because of file (symbol)

c:/users/abdoa/downloads/03- imt sdk/03- imt sdk/imt_sdk_win_64/imt_sdk_win_64/winavr/bin/../lib/gcc/avr/4.3.3/avr5\libgcc.a(_exit.o)
                              c:/users/abdoa/downloads/03- imt sdk/03- imt sdk/imt_sdk_win_64/imt_sdk_win_64/winavr/bin/../lib/gcc/avr/4.3.3/../../../../avr/lib/avr5/crtm32.o (exit)
c:/users/abdoa/downloads/03- imt sdk/03- imt sdk/imt_sdk_win_64/imt_sdk_win_64/winavr/bin/../lib/gcc/avr/4.3.3/avr5\libgcc.a(_copy_data.o)
                              ./Library/HAL/SSD/SSD_program.o (__do_copy_data)

Memory Configuration

Name             Origin             Length             Attributes
text             0x00000000         0x00020000         xr
data             0x00800060         0x0000ffa0         rw !x
eeprom           0x00810000         0x00010000         rw !x
fuse             0x00820000         0x00000400         rw !x
lock             0x00830000         0x00000400         rw !x
signature        0x00840000         0x00000400         rw !x
*default*        0x00000000         0xffffffff

Linker script and memory map

LOAD c:/users/abdoa/downloads/03- imt sdk/03- imt sdk/imt_sdk_win_64/imt_sdk_win_64/winavr/bin/../lib/gcc/avr/4.3.3/../../../../avr/lib/avr5/crtm32.o
LOAD ./Library/MCAL/DIO/DIO_program.o
LOAD ./Library/LIB/delay.o
LOAD ./Library/HAL/SSD/SSD_program.o
LOAD ./Library/HAL/LCD/LCD_program.o
LOAD ./Library/HAL/KEYPAD/KEYPAD_program.o
LOAD ./main.o
LOAD c:/users/abdoa/downloads/03- imt sdk/03- imt sdk/imt_sdk_win_64/imt_sdk_win_64/winavr/bin/../lib/gcc/avr/4.3.3/avr5\libgcc.a
LOAD c:/users/abdoa/downloads/03- imt sdk/03- imt sdk/imt_sdk_win_64/imt_sdk_win_64/winavr/bin/../lib/gcc/avr/4.3.3/../../../../avr/lib/avr5\libc.a
LOAD c:/users/abdoa/downloads/03- imt sdk/03- imt sdk/imt_sdk_win_64/imt_sdk_win_64/winavr/bin/../lib/gcc/avr/4.3.3/avr5\libgcc.a

.hash
 *(.hash)

.dynsym
 *(.dynsym)

.dynstr
 *(.dynstr)

.gnu.version
 *(.gnu.version)

.gnu.version_d
 *(.gnu.version_d)

.gnu.version_r
 *(.gnu.version_r)

.rel.init
 *(.rel.init)

.rela.init
 *(.rela.init)

.rel.text
 *(.rel.text)
 *(.rel.text.*)
 *(.rel.gnu.linkonce.t*)

.rela.text
 *(.rela.text)
 *(.rela.text.*)
 *(.rela.gnu.linkonce.t*)

.rel.fini
 *(.rel.fini)

.rela.fini
 *(.rela.fini)

.rel.rodata
 *(.rel.rodata)
 *(.rel.rodata.*)
 *(.rel.gnu.linkonce.r*)

.rela.rodata
 *(.rela.rodata)
 *(.rela.rodata.*)
 *(.rela.gnu.linkonce.r*)

.rel.data
 *(.rel.data)
 *(.rel.data.*)
 *(.rel.gnu.linkonce.d*)

.rela.data
 *(.rela.data)
 *(.rela.data.*)
 *(.rela.gnu.linkonce.d*)

.rel.ctors
 *(.rel.ctors)

.rela.ctors
 *(.rela.ctors)

.rel.dtors
 *(.rel.dtors)

.rela.dtors
 *(.rela.dtors)

.rel.got
 *(.rel.got)

.rela.got
 *(.rela.got)

.rel.bss
 *(.rel.bss)

.rela.bss
 *(.rela.bss)

.rel.plt
 *(.rel.plt)

.rela.plt
 *(.rela.plt)

.text           0x00000000      0xe1a
 *(.vectors)
 .vectors       0x00000000       0x54 c:/users/abdoa/downloads/03- imt sdk/03- imt sdk/imt_sdk_win_64/imt_sdk_win_64/winavr/bin/../lib/gcc/avr/4.3.3/../../../../avr/lib/avr5/crtm32.o
                0x00000000                __vectors
                0x00000000                __vector_default
 *(.vectors)
 *(.progmem.gcc*)
 *(.progmem*)
                0x00000054                . = ALIGN (0x2)
                0x00000054                __trampolines_start = .
 *(.trampolines)
 .trampolines   0x00000054        0x0 linker stubs
 *(.trampolines*)
                0x00000054                __trampolines_end = .
 *(.jumptables)
 *(.jumptables*)
 *(.lowtext)
 *(.lowtext*)
                0x00000054                __ctors_start = .
 *(.ctors)
                0x00000054                __ctors_end = .
                0x00000054                __dtors_start = .
 *(.dtors)
                0x00000054                __dtors_end = .
 SORT(*)(.ctors)
 SORT(*)(.dtors)
 *(.init0)
 .init0         0x00000054        0x0 c:/users/abdoa/downloads/03- imt sdk/03- imt sdk/imt_sdk_win_64/imt_sdk_win_64/winavr/bin/../lib/gcc/avr/4.3.3/../../../../avr/lib/avr5/crtm32.o
                0x00000054                __init
 *(.init0)
 *(.init1)
 *(.init1)
 *(.init2)
 .init2         0x00000054        0xc c:/users/abdoa/downloads/03- imt sdk/03- imt sdk/imt_sdk_win_64/imt_sdk_win_64/winavr/bin/../lib/gcc/avr/4.3.3/../../../../avr/lib/avr5/crtm32.o
 *(.init2)
 *(.init3)
 *(.init3)
 *(.init4)
 .init4         0x00000060       0x16 c:/users/abdoa/downloads/03- imt sdk/03- imt sdk/imt_sdk_win_64/imt_sdk_win_64/winavr/bin/../lib/gcc/avr/4.3.3/avr5\libgcc.a(_copy_data.o)
                0x00000060                __do_copy_data
 *(.init4)
 *(.init5)
 *(.init5)
 *(.init6)
 *(.init6)
 *(.init7)
 *(.init7)
 *(.init8)
 *(.init8)
 *(.init9)
 .init9         0x00000076        0x8 c:/users/abdoa/downloads/03- imt sdk/03- imt sdk/imt_sdk_win_64/imt_sdk_win_64/winavr/bin/../lib/gcc/avr/4.3.3/../../../../avr/lib/avr5/crtm32.o
 *(.init9)
 *(.text)
 .text          0x0000007e        0x4 c:/users/abdoa/downloads/03- imt sdk/03- imt sdk/imt_sdk_win_64/imt_sdk_win_64/winavr/bin/../lib/gcc/avr/4.3.3/../../../../avr/lib/avr5/crtm32.o
                0x0000007e                __vector_1
                0x0000007e                __vector_12
                0x0000007e                __bad_interrupt
                0x0000007e                __vector_6
                0x0000007e                __vector_3
                0x0000007e                __vector_11
                0x0000007e                __vector_13
                0x0000007e                __vector_17
                0x0000007e                __vector_19
                0x0000007e                __vector_7
                0x0000007e                __vector_5
                0x0000007e                __vector_4
                0x0000007e                __vector_9
                0x0000007e                __vector_2
                0x0000007e                __vector_15
                0x0000007e                __vector_8
                0x0000007e                __vector_14
                0x0000007e                __vector_10
                0x0000007e                __vector_16
                0x0000007e                __vector_18
                0x0000007e                __vector_20
 .text          0x00000082        0x0 ./Library/MCAL/DIO/DIO_program.o
 .text          0x00000082        0x0 ./Library/LIB/delay.o
 .text          0x00000082        0x0 ./Library/HAL/SSD/SSD_program.o
 .text          0x00000082        0x0 ./Library/HAL/LCD/LCD_program.o
 .text          0x00000082        0x0 ./Library/HAL/KEYPAD/KEYPAD_program.o
 .text          0x00000082        0x0 ./main.o
 .text          0x00000082        0x0 c:/users/abdoa/downloads/03- imt sdk/03- imt sdk/imt_sdk_win_64/imt_sdk_win_64/winavr/bin/../lib/gcc/avr/4.3.3/avr5\libgcc.a(_exit.o)
 .text          0x00000082        0x0 c:/users/abdoa/downloads/03- imt sdk/03- imt sdk/imt_sdk_win_64/imt_sdk_win_64/winavr/bin/../lib/gcc/avr/4.3.3/avr5\libgcc.a(_copy_data.o)
                0x00000082                . = ALIGN (0x2)
 *(.text.*)
 .text.DIO_voidInit
                0x00000082       0x1e ./Library/MCAL/DIO/DIO_program.o
                0x00000082                DIO_voidInit
 .text.DIO_u8SetPinDirection
                0x000000a0      0x254 ./Library/MCAL/DIO/DIO_program.o
                0x000000a0                DIO_u8SetPinDirection
 .text.DIO_u8SetPinValue
                0x000002f4      0x24c ./Library/MCAL/DIO/DIO_program.o
                0x000002f4                DIO_u8SetPinValue
 .text.DIO_u8GetPinValue
                0x00000540      0x118 ./Library/MCAL/DIO/DIO_program.o
                0x00000540                DIO_u8GetPinValue
 .text.DIO_u8SetPortDirection
                0x00000658      0x13e ./Library/MCAL/DIO/DIO_program.o
                0x00000658                DIO_u8SetPortDirection
 .text.DIO_u8SetPortValue
                0x00000796       0x90 ./Library/MCAL/DIO/DIO_program.o
                0x00000796                DIO_u8SetPortValue
 .text.DIO_u8GetPortValue
                0x00000826       0xb0 ./Library/MCAL/DIO/DIO_program.o
                0x00000826                DIO_u8GetPortValue
 .text.delay_ms
                0x000008d6       0x9c ./Library/LIB/delay.o
                0x000008d6                delay_ms
 .text.SSD_voidInit
                0x00000972       0x1a ./Library/HAL/SSD/SSD_program.o
                0x00000972                SSD_voidInit
 .text.SSD_voidEnable
                0x0000098c       0x18 ./Library/HAL/SSD/SSD_program.o
                0x0000098c                SSD_voidEnable
 .text.SSD_voidDisable
                0x000009a4       0x18 ./Library/HAL/SSD/SSD_program.o
                0x000009a4                SSD_voidDisable
 .text.SSD_voidWrite
                0x000009bc       0x80 ./Library/HAL/SSD/SSD_program.o
                0x000009bc                SSD_voidWrite
 .text.LCD_voidSendInstruction
                0x00000a3c       0x50 ./Library/HAL/LCD/LCD_program.o
                0x00000a3c                LCD_voidSendInstruction
 .text.LCD_voidInit
                0x00000a8c       0x88 ./Library/HAL/LCD/LCD_program.o
                0x00000a8c                LCD_voidInit
 .text.LCD_voidWriteChar
                0x00000b14       0x50 ./Library/HAL/LCD/LCD_program.o
                0x00000b14                LCD_voidWriteChar
 .text.LCD_SetPos
                0x00000b64       0x3c ./Library/HAL/LCD/LCD_program.o
                0x00000b64                LCD_SetPos
 .text.LCD_voidWriteString
                0x00000ba0       0x54 ./Library/HAL/LCD/LCD_program.o
                0x00000ba0                LCD_voidWriteString
 .text.KPD_voidInit
                0x00000bf4       0x4a ./Library/HAL/KEYPAD/KEYPAD_program.o
                0x00000bf4                KPD_voidInit
 .text.KPD_u8GetKeyState
                0x00000c3e      0x146 ./Library/HAL/KEYPAD/KEYPAD_program.o
                0x00000c3e                KPD_u8GetKeyState
 .text.main     0x00000d84       0x92 ./main.o
                0x00000d84                main
 .text.libgcc   0x00000e16        0x0 c:/users/abdoa/downloads/03- imt sdk/03- imt sdk/imt_sdk_win_64/imt_sdk_win_64/winavr/bin/../lib/gcc/avr/4.3.3/avr5\libgcc.a(_exit.o)
 .text.libgcc   0x00000e16        0x0 c:/users/abdoa/downloads/03- imt sdk/03- imt sdk/imt_sdk_win_64/imt_sdk_win_64/winavr/bin/../lib/gcc/avr/4.3.3/avr5\libgcc.a(_copy_data.o)
                0x00000e16                . = ALIGN (0x2)
 *(.fini9)
 .fini9         0x00000e16        0x0 c:/users/abdoa/downloads/03- imt sdk/03- imt sdk/imt_sdk_win_64/imt_sdk_win_64/winavr/bin/../lib/gcc/avr/4.3.3/avr5\libgcc.a(_exit.o)
                0x00000e16                exit
                0x00000e16                _exit
 *(.fini9)
 *(.fini8)
 *(.fini8)
 *(.fini7)
 *(.fini7)
 *(.fini6)
 *(.fini6)
 *(.fini5)
 *(.fini5)
 *(.fini4)
 *(.fini4)
 *(.fini3)
 *(.fini3)
 *(.fini2)
 *(.fini2)
 *(.fini1)
 *(.fini1)
 *(.fini0)
 .fini0         0x00000e16        0x4 c:/users/abdoa/downloads/03- imt sdk/03- imt sdk/imt_sdk_win_64/imt_sdk_win_64/winavr/bin/../lib/gcc/avr/4.3.3/avr5\libgcc.a(_exit.o)
 *(.fini0)
                0x00000e1a                _etext = .

.data           0x00800060       0x64 load address 0x00000e1a
                0x00800060                PROVIDE (__data_start, .)
 *(.data)
 .data          0x00800060        0x0 c:/users/abdoa/downloads/03- imt sdk/03- imt sdk/imt_sdk_win_64/imt_sdk_win_64/winavr/bin/../lib/gcc/avr/4.3.3/../../../../avr/lib/avr5/crtm32.o
 .data          0x00800060        0x0 ./Library/MCAL/DIO/DIO_program.o
 .data          0x00800060        0x0 ./Library/LIB/delay.o
 .data          0x00800060        0x0 ./Library/HAL/SSD/SSD_program.o
 .data          0x00800060        0x0 ./Library/HAL/LCD/LCD_program.o
 .data          0x00800060        0x0 ./Library/HAL/KEYPAD/KEYPAD_program.o
 .data          0x00800060        0x5 ./main.o
 .data          0x00800065        0x0 c:/users/abdoa/downloads/03- imt sdk/03- imt sdk/imt_sdk_win_64/imt_sdk_win_64/winavr/bin/../lib/gcc/avr/4.3.3/avr5\libgcc.a(_exit.o)
 .data          0x00800065        0x0 c:/users/abdoa/downloads/03- imt sdk/03- imt sdk/imt_sdk_win_64/imt_sdk_win_64/winavr/bin/../lib/gcc/avr/4.3.3/avr5\libgcc.a(_copy_data.o)
 *(.data*)
 .data.SSD_Digits
                0x00800065       0x46 ./Library/HAL/SSD/SSD_program.o
 .data.KPD_Au8Keys
                0x008000ab       0x10 ./Library/HAL/KEYPAD/KEYPAD_program.o
                0x008000ab                KPD_Au8Keys
 .data.KPD_Au8RowsPin
                0x008000bb        0x4 ./Library/HAL/KEYPAD/KEYPAD_program.o
                0x008000bb                KPD_Au8RowsPin
 .data.KPD_Au8ColsPin
                0x008000bf        0x4 ./Library/HAL/KEYPAD/KEYPAD_program.o
                0x008000bf                KPD_Au8ColsPin
 *(.rodata)
 *(.rodata*)
 *(.gnu.linkonce.d*)
                0x008000c4                . = ALIGN (0x2)
 *fill*         0x008000c3        0x1 00
                0x008000c4                _edata = .
                0x008000c4                PROVIDE (__data_end, .)

.bss            0x008000c4        0x0
                0x008000c4                PROVIDE (__bss_start, .)
 *(.bss)
 .bss           0x008000c4        0x0 c:/users/abdoa/downloads/03- imt sdk/03- imt sdk/imt_sdk_win_64/imt_sdk_win_64/winavr/bin/../lib/gcc/avr/4.3.3/../../../../avr/lib/avr5/crtm32.o
 .bss           0x008000c4        0x0 ./Library/MCAL/DIO/DIO_program.o
 .bss           0x008000c4        0x0 ./Library/LIB/delay.o
 .bss           0x008000c4        0x0 ./Library/HAL/SSD/SSD_program.o
 .bss           0x008000c4        0x0 ./Library/HAL/LCD/LCD_program.o
 .bss           0x008000c4        0x0 ./Library/HAL/KEYPAD/KEYPAD_program.o
 .bss           0x008000c4        0x0 ./main.o
 .bss           0x008000c4        0x0 c:/users/abdoa/downloads/03- imt sdk/03- imt sdk/imt_sdk_win_64/imt_sdk_win_64/winavr/bin/../lib/gcc/avr/4.3.3/avr5\libgcc.a(_exit.o)
 .bss           0x008000c4        0x0 c:/users/abdoa/downloads/03- imt sdk/03- imt sdk/imt_sdk_win_64/imt_sdk_win_64/winavr/bin/../lib/gcc/avr/4.3.3/avr5\libgcc.a(_copy_data.o)
 *(.bss*)
 *(COMMON)
                0x008000c4                PROVIDE (__bss_end, .)
                0x00000e1a                __data_load_start = LOADADDR (.data)
                0x00000e7e                __data_load_end = (__data_load_start + SIZEOF (.data))

.noinit         0x008000c4        0x0
                0x008000c4                PROVIDE (__noinit_start, .)
 *(.noinit*)
                0x008000c4                PROVIDE (__noinit_end, .)
                0x008000c4                _end = .
                0x008000c4                PROVIDE (__heap_start, .)

.eeprom         0x00810000        0x0
 *(.eeprom*)
                0x00810000                __eeprom_end = .

.fuse
 *(.fuse)
 *(.lfuse)
 *(.hfuse)
 *(.efuse)

.lock
 *(.lock*)

.signature
 *(.signature*)

.stab           0x00000000     0x14b8
 *(.stab)
 .stab          0x00000000      0x810 ./Library/MCAL/DIO/DIO_program.o
 .stab          0x00000810      0x198 ./Library/LIB/delay.o
                                0x234 (size before relaxing)
 .stab          0x000009a8      0x240 ./Library/HAL/SSD/SSD_program.o
                                0x2dc (size before relaxing)
 .stab          0x00000be8      0x390 ./Library/HAL/LCD/LCD_program.o
                                0x42c (size before relaxing)
 .stab          0x00000f78      0x33c ./Library/HAL/KEYPAD/KEYPAD_program.o
                                0x3d8 (size before relaxing)
 .stab          0x000012b4      0x204 ./main.o
                                0x2a0 (size before relaxing)

.stabstr        0x00000000      0x915
 *(.stabstr)
 .stabstr       0x00000000      0x915 ./Library/MCAL/DIO/DIO_program.o

.stab.excl
 *(.stab.excl)

.stab.exclstr
 *(.stab.exclstr)

.stab.index
 *(.stab.index)

.stab.indexstr
 *(.stab.indexstr)

.comment
 *(.comment)

.debug
 *(.debug)

.line
 *(.line)

.debug_srcinfo
 *(.debug_srcinfo)

.debug_sfnames
 *(.debug_sfnames)

.debug_aranges
 *(.debug_aranges)

.debug_pubnames
 *(.debug_pubnames)

.debug_info
 *(.debug_info)
 *(.gnu.linkonce.wi.*)

.debug_abbrev
 *(.debug_abbrev)

.debug_line
 *(.debug_line)

.debug_frame
 *(.debug_frame)

.debug_str
 *(.debug_str)

.debug_loc
 *(.debug_loc)

.debug_macinfo
 *(.debug_macinfo)
OUTPUT(Assignment.elf elf32-avr)
LOAD linker stubs
